../Core/Src/main.c:138:5:main	96	static
../Core/Src/main.c:217:6:SystemClock_Config	88	static
../Core/Src/main.c:263:13:MX_I2C1_Init	8	static
../Core/Src/main.c:297:13:MX_I2C2_Init	8	static
../Core/Src/main.c:331:13:MX_USART1_UART_Init	8	static
../Core/Src/main.c:364:13:MX_GPIO_Init	48	static
../Core/Src/main.c:391:6:I2C_Reset	16	static
../Core/Src/main.c:409:6:MAG3110_readMag	48	static
../Core/Src/main.c:425:6:MAG3110_readHeading	24	static
../Core/Src/main.c:441:6:MAG3110_setOffset	32	static
../Core/Src/main.c:464:6:MAG3110_getOffset	24	static
../Core/Src/main.c:471:6:MAG3110_setRawMode	32	static
../Core/Src/main.c:483:6:MAG3110_setNormalMode	24	static
../Core/Src/main.c:489:6:MAG3110_setActiveMode	24	static
../Core/Src/main.c:499:6:MAG3110_setStandbyMode	24	static
../Core/Src/main.c:509:9:MAG3110_isActive	4	static
../Core/Src/main.c:513:9:MAG3110_isStandby	4	static
../Core/Src/main.c:517:6:MAG3110_setDR_OS	40	static
../Core/Src/main.c:533:6:MPU6050_Init	32	static
../Core/Src/main.c:548:6:MPU6050_Read_Accel	32	static
../Core/Src/main.c:562:6:MPU6050_Read_Gyro	32	static
../Core/Src/main.c:576:11:Kalman_getAngle	104	static
../Core/Src/main.c:612:6:Error_Handler	4	static,ignoring_inline_asm
